// Jest Snapshot v1, https://goo.gl/fbAQLP

exports[`addStyle should work #2 1`] = `"<head><title>Title</title><style type=\\"text/css\\">.foo { color: red }</style><style type=\\"text/css\\">.bar { color: blue }</style></head><body><h1>Hello world</h1></body>"`;

exports[`addStyle should work 1`] = `"<head><title>Title</title><style type=\\"text/css\\">.foo { color: red }</style></head><body><h1>Hello world</h1></body>"`;

exports[`addStyle should work with "attrs" option #2 1`] = `"<head><title>Title</title><style foo=\\"bar\\" type=\\"text/css\\">.foo { color: red }</style><style foo=\\"bar\\" type=\\"text/css\\">.bar { color: blue }</style></head><body><h1>Hello world</h1></body>"`;

exports[`addStyle should work with "attrs" option 1`] = `"<head><title>Title</title><style foo=\\"bar\\" type=\\"text/css\\">.foo { color: red }</style></head><body><h1>Hello world</h1></body>"`;

exports[`addStyle should work with "insertAt" option #2 1`] = `"<head><title>Title</title><style type=\\"text/css\\">.foo { color: red }</style><style type=\\"text/css\\">.bar { color: blue }</style></head><body><h1>Hello world</h1></body>"`;

exports[`addStyle should work with "insertAt" option #3 1`] = `"<head><title>Title</title><style type=\\"text/css\\">.foo { color: red }</style><style type=\\"text/css\\">.bar { color: blue }</style><script src=\\"https://example.com/script.js\\" id=\\"id\\"></script></head><body><h1>Hello world</h1></body>"`;

exports[`addStyle should work with "insertAt" option 1`] = `"<head><style type=\\"text/css\\">.foo { color: red }</style><style type=\\"text/css\\">.bar { color: blue }</style><title>Title</title></head><body><h1>Hello world</h1></body>"`;

exports[`addStyle should work with "insertInto" option #2 1`] = `"<head><title>Title</title></head><body><h1>Hello world</h1><style type=\\"text/css\\">.foo { color: red }</style><style type=\\"text/css\\">.bar { color: blue }</style></body>"`;

exports[`addStyle should work with "insertInto" option #3 1`] = `"<head><title>Title</title></head><body><h1>Hello world</h1><div><div id=\\"root\\"><style type=\\"text/css\\">.foo { color: red }</style><style type=\\"text/css\\">.bar { color: blue }</style></div></div></body>"`;

exports[`addStyle should work with "insertInto" option 1`] = `"<head><title>Title</title><style type=\\"text/css\\">.foo { color: red }</style><style type=\\"text/css\\">.bar { color: blue }</style></head><body><h1>Hello world</h1></body>"`;

exports[`addStyle should work with "singleton" option 1`] = `"<head><title>Title</title><style type=\\"text/css\\">.foo { color: red }.bar { color: blue }</style></head><body><h1>Hello world</h1></body>"`;

exports[`addStyle should work with "singleton" option 2`] = `"<head><title>Title</title><style type=\\"text/css\\">.foo { color: red }</style><style type=\\"text/css\\">.bar { color: blue }</style></head><body><h1>Hello world</h1></body>"`;

exports[`addStyle should work with "sourceMap" option 1`] = `
"<head><title>Title</title><style type=\\"text/css\\">.foo { color: red }
/*# sourceURL=style-1.css */
/*# sourceMappingURL=data:application/json;base64,eyJ2ZXJzaW9uIjozLCJzb3VyY2VzIjpbInN0eWxlLTEuY3NzIl0sIm5hbWVzIjpbXSwibWFwcGluZ3MiOiJBQUFBLGNBQXFCLGVBQWUsRUFBRSIsImZpbGUiOiJzdHlsZS0xLmNzcyIsInNvdXJjZXNDb250ZW50IjpbIi5mb28geyBjb2xvcjogcmVkIH0iXX0= */</style></head><body><h1>Hello world</h1></body>"
`;

exports[`addStyle should work with media 1`] = `"<head><title>Title</title><style type=\\"text/css\\" media=\\"screen and (min-width:320px)\\">.foo { color: red }</style></head><body><h1>Hello world</h1></body>"`;

exports[`addStyle should work with nonce 1`] = `"<head><title>Title</title><style type=\\"text/css\\" nonce=\\"none\\">.foo { color: red }</style></head><body><h1>Hello world</h1></body>"`;
