// Jest Snapshot v1, https://goo.gl/fbAQLP

exports[`addStyle should work with empty layer 1`] = `"<head><title>Title</title><style>@layer {.foo { color: red }}</style></head><body><h1>Hello world</h1></body>"`;

exports[`addStyle should work with layer 1`] = `"<head><title>Title</title><style>@layer default {.foo { color: red }}</style></head><body><h1>Hello world</h1></body>"`;
