// Jest Snapshot v1, https://goo.gl/fbAQLP

exports[`"base" option should work: DOM 1`] = `
"<!DOCTYPE html><html><head>
  <title>style-loader test</title>
  <style id=\\"existing-style\\">.existing { color: yellow }</style>
<style>body {
  color: red;
}
</style><style>h1 {
  color: blue;
}
</style></head>
<body>
  <h1>Body</h1>
  <div class=\\"target\\"></div>
  <iframe class=\\"iframeTarget\\"></iframe>


</body></html>"
`;

exports[`"base" option should work: errors 1`] = `Array []`;

exports[`"base" option should work: warnings 1`] = `Array []`;
