// Jest Snapshot v1, https://goo.gl/fbAQLP

exports[`validate options 1`] = `
"Invalid options object. Style Loader has been initialised using an options object that does not match the API schema.
 - options.hmr should be a boolean.
   -> Enables/Disables Hot Module Replacement (https://github.com/webpack-contrib/style-loader#hmr)."
`;

exports[`validate options 2`] = `
"Invalid options object. Style Loader has been initialised using an options object that does not match the API schema.
 - options.base should be a number.
   -> Set module ID base for DLLPlugin (https://github.com/webpack-contrib/style-loader#base)."
`;

exports[`validate options 3`] = `
"Invalid options object. Style Loader has been initialised using an options object that does not match the API schema.
 - options.attrs should be an object:
   object { … }
   -> Add custom attrs to <style></style> (https://github.com/webpack-contrib/style-loader#attrs)."
`;

exports[`validate options 4`] = `
"Invalid options object. Style Loader has been initialised using an options object that does not match the API schema.
 - options.transform should be a string.
   -> Transform/Conditionally load CSS by passing a transform/condition function (https://github.com/webpack-contrib/style-loader#transform)."
`;

exports[`validate options 5`] = `
"Invalid options object. Style Loader has been initialised using an options object that does not match the API schema.
 - options.insertAt should be:
   string | object
   -> Inserts <style></style> at the given position (https://github.com/webpack-contrib/style-loader#insertat)."
`;

exports[`validate options 6`] = `
"Invalid options object. Style Loader has been initialised using an options object that does not match the API schema.
 - options.insertInto should be one of these:
   string | function
   -> Inserts <style></style> into the given position (https://github.com/webpack-contrib/style-loader#insertinto).
   Details:
    * options.insertInto should be a string.
    * options.insertInto should be an instance of function."
`;

exports[`validate options 7`] = `
"Invalid options object. Style Loader has been initialised using an options object that does not match the API schema.
 - options.singleton should be a boolean.
   -> Reuses a single <style></style> element, instead of adding/removing individual elements for each required module (https://github.com/webpack-contrib/style-loader#singleton)."
`;

exports[`validate options 8`] = `
"Invalid options object. Style Loader has been initialised using an options object that does not match the API schema.
 - options.sourceMap should be a boolean.
   -> Enable/Disable Sourcemaps (https://github.com/webpack-contrib/style-loader#sourcemap)."
`;

exports[`validate options 9`] = `
"Invalid options object. Style Loader has been initialised using an options object that does not match the API schema.
 - options has an unknown property 'unknown'. These properties are valid:
   object { hmr?, base?, attrs?, insertAt?, insertInto?, transform?, singleton?, sourceMap? }"
`;
